// Jest Snapshot v1, https://goo.gl/fbAQLP

exports[`Home tests renders the home component correctly 1`] = `
<div>
  <div
    class="home_container"
  >
    <div
      class="slider"
    >
      <div
        class="slide"
        style="transform: translateX(0%);"
      >
        <div
          class="imgContainer"
        >
          <img
            alt="slide-img"
            class="image"
            src="barbecue-pork-fried-rice.jpg"
          />
        </div>
      </div>
      <div
        class="slide"
        style="transform: translateX(0%);"
      >
        <div
          class="imgContainer"
        >
          <img
            alt="slide-img"
            class="image"
            src="chicken_with _sweet_cream_corn_soup.jpg"
          />
        </div>
      </div>
      <div
        class="slide"
        style="transform: translateX(0%);"
      >
        <div
          class="imgContainer"
        >
          <img
            alt="slide-img"
            class="image"
            src="pot-stickers.jpg"
          />
        </div>
      </div>
      <div
        class="slide"
        style="transform: translateX(0%);"
      >
        <div
          class="imgContainer"
        >
          <img
            alt="slide-img"
            class="image"
            src="seafood-with-tofu-soup.jpg"
          />
        </div>
      </div>
      <div
        class="slide"
        style="transform: translateX(0%);"
      >
        <div
          class="imgContainer"
        >
          <img
            alt="slide-img"
            class="image"
            src="wonton-soup.jpg"
          />
        </div>
      </div>
      <button
        class="goLeft"
      >
        <i
          class="fas fa-chevron-left fa-5x"
        />
      </button>
      <button
        class="goRight"
      >
        <i
          class="fas fa-chevron-right fa-5x"
        />
      </button>
    </div>
  </div>
</div>
`;

exports[`renders the home component correctly 1`] = `
<div>
  <div
    class="home_container"
  >
    <div
      class="slider"
    >
      <div
        class="slide"
        style="transform: translateX(0%);"
      >
        <div
          class="imgContainer"
        >
          <img
            alt="slide-img"
            class="image"
            src="barbecue-pork-fried-rice.jpg"
          />
        </div>
      </div>
      <div
        class="slide"
        style="transform: translateX(0%);"
      >
        <div
          class="imgContainer"
        >
          <img
            alt="slide-img"
            class="image"
            src="chicken_with _sweet_cream_corn_soup.jpg"
          />
        </div>
      </div>
      <div
        class="slide"
        style="transform: translateX(0%);"
      >
        <div
          class="imgContainer"
        >
          <img
            alt="slide-img"
            class="image"
            src="pot-stickers.jpg"
          />
        </div>
      </div>
      <div
        class="slide"
        style="transform: translateX(0%);"
      >
        <div
          class="imgContainer"
        >
          <img
            alt="slide-img"
            class="image"
            src="seafood-with-tofu-soup.jpg"
          />
        </div>
      </div>
      <div
        class="slide"
        style="transform: translateX(0%);"
      >
        <div
          class="imgContainer"
        >
          <img
            alt="slide-img"
            class="image"
            src="wonton-soup.jpg"
          />
        </div>
      </div>
      <button
        class="goLeft"
      >
        <i
          class="fas fa-chevron-left fa-5x"
        />
      </button>
      <button
        class="goRight"
      >
        <i
          class="fas fa-chevron-right fa-5x"
        />
      </button>
    </div>
  </div>
</div>
`;
