// Jest Snapshot v1, https://goo.gl/fbAQLP

exports[`Checkout tests renders the Checkout component correctly 1`] = `
<div>
  <div>
    <form>
      <div
        class="container"
      >
        <div
          class="wrapper"
        >
          <label
            class="labelText"
          >
             Name: 
          </label>
          <input
            id="customerNameId"
            maxlength="255"
            name="customerName"
            placeholder="John Smith"
            size="50"
            type="text"
          />
        </div>
        <div
          class="wrapper"
        >
          <label
            class="labelText"
          >
            Tel: 
          </label>
          <input
            id="telId"
            maxlength="255"
            name="tel"
            pattern="[0-9]{3}-[0-9]{3}-[0-9]{4}"
            placeholder="123-456-7890"
            required=""
            size="50"
            type="text"
          />
        </div>
        <div
          class="wrapper"
        >
          <label
            class="labelText"
          >
            Email: 
          </label>
          <input
            id="telId"
            maxlength="255"
            name="tel"
            placeholder="john_smith@gmail.com"
            required=""
            size="50"
            type="email"
          />
        </div>
        <div
          class="wrapper"
        >
          <div
            class="select_box"
          >
            <label
              class="labelText"
            >
              Time for meal 
            </label>
            <select
              id="myDropdownId"
              name="myDropdown"
            >
              <option
                value="11:30AM"
              >
                11:30AM
              </option>
              <option
                value="12:30PM"
              >
                12:30PM
              </option>
              <option
                value="01:30PM"
              >
                01:30PM
              </option>
              <option
                value="05:30PM"
              >
                05:30PM
              </option>
              <option
                value="06:30PM"
              >
                06:30PM
              </option>
              <option
                value="07:30PM"
              >
                07:30PM
              </option>
              <option
                value="08:30PM"
              >
                08:30PM
              </option>
              <option
                value="09:30PM"
              >
                09:30PM
              </option>
            </select>
          </div>
        </div>
        <div
          class="wrapper"
        >
          <div
            class="selectbox"
          >
            <label
              class="labelText"
            >
              Way to get your meal 
            </label>
            <select
              id="myDropdownId"
              name="myDropdown"
            >
              <option
                value="Delivery"
              >
                Delivery
              </option>
              <option
                value="Drive Thru"
              >
                Drive Thru
              </option>
            </select>
          </div>
        </div>
        <div
          class="check"
        >
          <ul>
            <div
              class="sentence"
            >
              We are care about your health and each meal. Please check the following information.
            </div>
            <li>
              <input
                id="check1"
                name="membership"
                type="checkbox"
                value="true"
              />
              <label>
                 I am membership. 
              </label>
              <input
                id="membershipInfo"
                maxlength="255"
                pattern="[0-9]{5}"
                placeholder="please enter your membership number."
                required=""
                size="50"
                type="text"
              />
            </li>
            <li>
              <input
                id="check2"
                name="spicy"
                type="checkbox"
                value="true"
              />
              <label>
                 I can eat spicy food. 
              </label>
            </li>
            <li>
              <input
                id="check3"
                name="allergy"
                type="checkbox"
                value="true"
              />
              <label>
                 I am allergic to certain ingredients. 
              </label>
              <input
                id="ingredientID"
                maxlength="255"
                name="allergic_ingredients"
                size="50"
                type="text"
              />
            </li>
          </ul>
        </div>
        <div
          class="buttonWrapper"
        >
          <input
            class="button"
            type="submit"
            value="Submit"
          />
        </div>
      </div>
    </form>
  </div>
</div>
`;
